// Jest Snapshot v1, https://goo.gl/fbAQLP

exports[`sqlmodules provide transactions writes, reads back, and reads again with a transaction 1`] = `
Array [
  Object {
    "id": 1,
    "name": "planes",
  },
  Object {
    "id": 2,
    "name": "trains",
  },
  Object {
    "id": 3,
    "name": "automobiles-ahem",
  },
]
`;
